// Jest Snapshot v1, https://goo.gl/fbAQLP

exports[`Application loaded 1`] = `
<div>
  <h1>
    Helo world! at 
    ComponentDidMount
  </h1>
</div>
`;
